    Checking foldhash v0.2.0
    Checking cfg-if v1.0.5
    Checking equivalent v1.0.2
    Checking log v0.4.34
    Checking bitflags v2.13.2
    Checking rustc-hash v1.1.0
    Checking bit-vec v0.9.1
    Checking unicode-width v0.2.2
    Checking libm v0.2.16
    Checking libc v0.2.189
    Checking smallvec v1.16.2
    Checking once_cell v1.21.4
    Checking raw-window-handle v0.6.2
    Checking thiserror v2.0.21
    Checking zerocopy v0.8.59
    Checking bytemuck v1.25.2
    Checking libloading v0.8.9
    Checking scopeguard v1.2.0
    Checking unicode-ident v1.0.26
    Checking static_assertions v1.1.0
    Checking hashbrown v0.17.1
    Checking allocator-api2 v0.2.21
    Checking arrayvec v0.7.8
    Checking lock_api v0.4.14
    Checking spirv v0.4.0+sdk-1.4.341.0
    Checking presser v0.3.1
    Checking ash v0.38.0+1.3.281
    Checking profiling v1.0.18
    Checking renderdoc-sys v1.1.0
    Checking bit-set v0.10.0
    Checking codespan-reporting v0.13.1
    Checking hashbrown v0.16.1
    Checking indexmap v2.14.2
    Checking num-traits v0.2.19
    Checking parking_lot_core v0.9.12
    Checking parking_lot v0.12.5
    Checking naga-types v30.0.1
    Checking wgpu-types v30.0.1
    Checking ordered-float v5.3.0
    Checking half v2.7.1
    Checking naga v30.0.1
    Checking wgpu-naga-bridge v30.0.1
    Checking gpu-allocator v0.28.0
    Checking wgpu-hal v30.0.1
    Checking wgpu-core-deps-windows-linux-android v30.0.1
    Checking wgpu-core v30.0.1
    Checking wgpu v30.0.1
    Checking eris-vulkan-raster-prototype v0.0.0 (/tmp/eris-vulkan-image-candidate-1/source)
error: for loop over a single element
   --> src/tests.rs:677:5
    |
677 | /     for (destination, expected) in [(1, 2)] {
678 | |         assert_eq!(
679 | |             sample_index(destination, 0.0, f32::from_bits(0x3fffffff), 4),
680 | |             expected
681 | |         );
682 | |     }
    | |_____^
    |
    = help: for further information visit https://rust-lang.github.io/rust-clippy/master/index.html#single_element_loop
    = note: `-D clippy::single-element-loop` implied by `-D warnings`
    = help: to override `-D warnings` add `#[allow(clippy::single_element_loop)]`
help: try
    |
677 ~     {
678 +         let (destination, expected) = (1, 2);
679 +         assert_eq!(
680 +             sample_index(destination, 0.0, f32::from_bits(0x3fffffff), 4),
681 +             expected
682 +         );
683 +     }
    |

error: for loop over a single element
   --> src/tests.rs:684:5
    |
684 | /     for (destination, expected) in [(1, 2)] {
685 | |         assert_eq!(sample_index(destination, 0.0, 2.0, 4), expected);
686 | |     }
    | |_____^
    |
    = help: for further information visit https://rust-lang.github.io/rust-clippy/master/index.html#single_element_loop
help: try
    |
684 ~     {
685 +         let (destination, expected) = (1, 2);
686 +         assert_eq!(sample_index(destination, 0.0, 2.0, 4), expected);
687 +     }
    |

error: for loop over a single element
   --> src/tests.rs:688:5
    |
688 | /     for (destination, expected) in [(1, 1)] {
689 | |         assert_eq!(
690 | |             sample_index(destination, 0.0, f32::from_bits(0x40000001), 4),
691 | |             expected
692 | |         );
693 | |     }
    | |_____^
    |
    = help: for further information visit https://rust-lang.github.io/rust-clippy/master/index.html#single_element_loop
help: try
    |
688 ~     {
689 +         let (destination, expected) = (1, 1);
690 +         assert_eq!(
691 +             sample_index(destination, 0.0, f32::from_bits(0x40000001), 4),
692 +             expected
693 +         );
694 +     }
    |

error: for loop over a single element
   --> src/tests.rs:695:5
    |
695 | /     for (destination, expected) in [(0, 1)] {
696 | |         assert_eq!(
697 | |             sample_index(
698 | |                 destination,
...   |
704 | |         );
705 | |     }
    | |_____^
    |
    = help: for further information visit https://rust-lang.github.io/rust-clippy/master/index.html#single_element_loop
help: try
    |
695 ~     {
696 +         let (destination, expected) = (0, 1);
697 +         assert_eq!(
698 +             sample_index(
699 +                 destination,
700 +                 f32::from_bits(0x80000001),
701 +                 f32::from_bits(0x00000002),
702 +                 2
703 +             ),
704 +             expected
705 +         );
706 +     }
    |

error: for loop over a single element
   --> src/tests.rs:707:5
    |
707 | /     for (destination, expected) in [(1, 1)] {
708 | |         assert_eq!(
709 | |             sample_index(destination, 0.0, f32::from_bits(0x00000001), 2),
710 | |             expected
711 | |         );
712 | |     }
    | |_____^
    |
    = help: for further information visit https://rust-lang.github.io/rust-clippy/master/index.html#single_element_loop
help: try
    |
707 ~     {
708 +         let (destination, expected) = (1, 1);
709 +         assert_eq!(
710 +             sample_index(destination, 0.0, f32::from_bits(0x00000001), 2),
711 +             expected
712 +         );
713 +     }
    |

error: for loop over a single element
   --> src/tests.rs:714:5
    |
714 | /     for (destination, expected) in [(-1, 0)] {
715 | |         assert_eq!(
716 | |             sample_index(destination, 0.0, f32::from_bits(0x00000001), 2),
717 | |             expected
718 | |         );
719 | |     }
    | |_____^
    |
    = help: for further information visit https://rust-lang.github.io/rust-clippy/master/index.html#single_element_loop
help: try
    |
714 ~     {
715 +         let (destination, expected) = (-1, 0);
716 +         assert_eq!(
717 +             sample_index(destination, 0.0, f32::from_bits(0x00000001), 2),
718 +             expected
719 +         );
720 +     }
    |

error: could not compile `eris-vulkan-raster-prototype` (lib test) due to 6 previous errors
warning: build failed, waiting for other jobs to finish...
