   Compiling proc-macro2 v1.0.107
   Compiling unicode-ident v1.0.26
   Compiling quote v1.0.47
   Compiling cfg-if v1.0.5
   Compiling find-msvc-tools v0.1.13
   Compiling bitflags v2.13.2
   Compiling shlex v2.0.1
   Compiling pkg-config v0.3.34
   Compiling libc v0.2.189
   Compiling once_cell v1.21.4
   Compiling smallvec v1.16.1
   Compiling log v0.4.34
   Compiling rustix v1.1.5
   Compiling linux-raw-sys v0.12.1
   Compiling stable_deref_trait v1.2.1
   Compiling downcast-rs v1.2.1
   Compiling libloading v0.8.9
   Compiling scoped-tls v1.0.1
   Compiling memchr v2.8.3
   Compiling wayland-client v0.31.15
   Compiling dlib v0.5.3
   Compiling cc v1.4.7
   Compiling writeable v0.6.4
   Compiling simd-adler32 v0.3.10
   Compiling litemap v0.8.3
   Compiling utf8_iter v1.0.4
   Compiling icu_properties_data v2.3.0
   Compiling crc32fast v1.5.2
   Compiling icu_normalizer_data v2.3.0
   Compiling rustix v0.38.44
   Compiling thiserror v1.0.69
   Compiling adler2 v2.0.1
   Compiling as-raw-xcb-connection v1.0.1
   Compiling percent-encoding v2.3.2
   Compiling zeroize v1.9.0
   Compiling autocfg v1.5.1
   Compiling linux-raw-sys v0.4.15
   Compiling miniz_oxide v0.9.1
   Compiling pin-project-lite v0.2.17
   Compiling wayland-sys v0.31.11
   Compiling rustls-pki-types v1.15.1
   Compiling quick-xml v0.41.0
   Compiling slab v0.4.12
   Compiling untrusted v0.9.0
   Compiling httparse v1.10.1
   Compiling x11rb-protocol v0.13.2
   Compiling version_check v0.9.5
   Compiling getrandom v0.3.4
   Compiling zerocopy v0.8.57
   Compiling tracing-core v0.1.36
   Compiling num-traits v0.2.19
   Compiling parking_lot_core v0.9.12
   Compiling ahash v0.8.12
   Compiling flate2 v1.1.10
   Compiling tiny-xlib v0.2.5
   Compiling x11-dl v2.21.0
   Compiling syn v3.0.6
   Compiling syn v2.0.119
   Compiling tracing v0.1.44
   Compiling xkeysym v0.2.1
   Compiling smithay-client-toolkit v0.19.2
   Compiling rustls v0.23.45
   Compiling cursor-icon v1.2.0
   Compiling xcursor v0.3.11
   Compiling itoa v1.0.18
   Compiling cfg_aliases v0.2.2
   Compiling scopeguard v1.2.0
   Compiling bytes v1.12.1
   Compiling bytemuck v1.25.2
   Compiling thiserror v2.0.21
   Compiling lock_api v0.4.14
   Compiling getrandom v0.2.17
   Compiling memmap2 v0.9.11
   Compiling wayland-scanner v0.31.11
   Compiling winit v0.30.13
   Compiling wayland-backend v0.3.17
   Compiling ring v0.17.14
   Compiling miniz_oxide v0.8.9
   Compiling fdeflate v0.3.7
   Compiling pxfm v0.1.30
   Compiling http v1.5.0
   Compiling weezl v0.1.12
   Compiling color_quant v1.1.0
   Compiling ctor v0.10.1
   Compiling base64 v0.23.1
   Compiling quick-error v2.0.1
   Compiling ttf-parser v0.25.1
   Compiling raw-window-handle v0.6.2
   Compiling subtle v2.6.1
   Compiling zune-core v0.5.3
   Compiling byteorder-lite v0.1.0
   Compiling png v0.18.1
   Compiling gif v0.14.2
   Compiling image-webp v0.2.4
   Compiling zune-jpeg v0.5.15
   Compiling ureq-proto v0.6.1
   Compiling synstructure v0.14.0
   Compiling xkbcommon-dl v0.4.2
   Compiling thiserror-impl v1.0.69
   Compiling enumflags2_derive v0.7.12
   Compiling parking_lot v0.12.5
   Compiling webpki-roots v1.0.9
   Compiling form_urlencoded v1.2.2
   Compiling utf8-zero v0.8.1
   Compiling fastrand v2.5.0
   Compiling dpi v0.1.2
   Compiling smol_str v0.2.2
   Compiling ab_glyph_rasterizer v0.1.10
   Compiling seccompiler v0.5.0
   Compiling encoding_rs v0.8.35
   Compiling enumflags2 v0.7.12
   Compiling owned_ttf_parser v0.25.1
   Compiling zerofrom-derive v0.1.8
   Compiling yoke-derive v0.8.3
   Compiling zerovec-derive v0.11.6
   Compiling displaydoc v0.2.7
   Compiling thiserror-impl v2.0.21
   Compiling moxcms v0.8.1
   Compiling ab_glyph v0.2.32
   Compiling base64 v0.22.1
   Compiling zerofrom v0.1.8
   Compiling yoke v0.8.3
   Compiling zerotrie v0.2.5
   Compiling zerovec v0.11.8
   Compiling landlock v0.4.7
   Compiling tinystr v0.8.4
   Compiling potential_utf v0.1.6
   Compiling icu_collections v2.3.0
   Compiling icu_locale_core v2.3.0
   Compiling gethostname v1.1.0
   Compiling polling v3.11.0
   Compiling calloop v0.13.0
   Compiling rustls-webpki v0.103.15
   Compiling icu_provider v2.3.1
   Compiling wayland-csd-frame v0.3.0
   Compiling icu_properties v2.3.0
   Compiling icu_normalizer v2.3.0
   Compiling idna_adapter v1.2.2
   Compiling idna v1.1.0
   Compiling image v0.25.10
   Compiling wayland-protocols v0.32.13
   Compiling calloop-wayland-source v0.3.0
   Compiling wayland-cursor v0.31.14
   Compiling url v2.5.8
   Compiling ureq v3.4.0
   Compiling x11rb v0.13.2
   Compiling softbuffer v0.4.8
   Compiling arboard v3.6.1
   Compiling wayland-protocols-wlr v0.3.12
   Compiling wayland-protocols-plasma v0.3.12
   Compiling eris-browser v0.1.0 (/tmp/eris-vulkan-glyph-fixtures/reference-parent)
    Finished `dev` profile [unoptimized + debuginfo] target(s) in 14.70s
