   Compiling proc-macro2 v1.0.107
   Compiling quote v1.0.47
   Compiling unicode-ident v1.0.26
   Compiling cfg_aliases v0.2.2
    Checking cfg-if v1.0.5
    Checking foldhash v0.2.0
    Checking equivalent v1.0.2
   Compiling thiserror v2.0.21
   Compiling autocfg v1.5.1
   Compiling libm v0.2.16
   Compiling zerocopy v0.8.59
    Checking log v0.4.34
   Compiling libc v0.2.189
    Checking rustc-hash v1.1.0
    Checking bitflags v2.13.2
   Compiling ash v0.38.0+1.3.281
    Checking unicode-width v0.2.2
   Compiling parking_lot_core v0.9.12
   Compiling naga v30.0.1
    Checking bit-vec v0.9.1
    Checking libloading v0.8.9
    Checking hashbrown v0.17.1
    Checking raw-window-handle v0.6.2
    Checking spirv v0.4.0+sdk-1.4.341.0
    Checking scopeguard v1.2.0
    Checking bit-set v0.10.0
    Checking static_assertions v1.1.0
    Checking arrayvec v0.7.8
    Checking codespan-reporting v0.13.1
    Checking once_cell v1.21.4
    Checking smallvec v1.16.2
    Checking allocator-api2 v0.2.21
    Checking lock_api v0.4.14
   Compiling wgpu-hal v30.0.1
    Checking presser v0.3.1
    Checking profiling v1.0.18
   Compiling num-traits v0.2.19
    Checking renderdoc-sys v1.1.0
   Compiling wgpu-core v30.0.1
   Compiling litrs v1.0.0
   Compiling wgpu v30.0.1
    Checking hashbrown v0.16.1
    Checking indexmap v2.14.2
   Compiling document-features v0.2.12
   Compiling syn v3.0.6
   Compiling syn v2.0.119
    Checking parking_lot v0.12.5
    Checking ordered-float v5.3.0
   Compiling thiserror-impl v2.0.21
   Compiling bytemuck_derive v1.12.1
   Compiling zerocopy-derive v0.8.59
    Checking bytemuck v1.25.2
    Checking naga-types v30.0.1
    Checking wgpu-types v30.0.1
    Checking half v2.7.1
    Checking gpu-allocator v0.28.0
    Checking wgpu-naga-bridge v30.0.1
    Checking wgpu-core-deps-windows-linux-android v30.0.1
    Checking eris-vulkan-raster-prototype v0.0.0 (/tmp/eris-vulkan-browser-bridge-candidate-1/source/tools/vulkan-raster-probe)
    Finished `dev` profile [unoptimized] target(s) in 10.52s
