    Checking bitflags v2.13.2
    Checking once_cell v1.21.4
    Checking smallvec v1.16.2
   Compiling find-msvc-tools v0.1.14
   Compiling shlex v2.0.1
   Compiling pkg-config v0.3.34
   Compiling rustix v1.1.5
    Checking linux-raw-sys v0.12.1
    Checking stable_deref_trait v1.2.1
   Compiling thiserror v2.0.21
    Checking dlib v0.5.3
   Compiling num-traits v0.2.19
    Checking downcast-rs v1.2.1
   Compiling syn v3.0.6
   Compiling syn v2.0.119
   Compiling memchr v2.8.3
    Checking scoped-tls v1.0.1
   Compiling wayland-client v0.31.15
    Checking simd-adler32 v0.3.10
    Checking writeable v0.6.4
   Compiling cc v1.5.1
    Checking litemap v0.8.3
    Checking parking_lot_core v0.9.12
    Checking adler2 v2.0.1
   Compiling rustix v0.38.44
   Compiling icu_properties_data v2.3.0
    Checking utf8_iter v1.0.4
   Compiling crc32fast v1.5.2
   Compiling icu_normalizer_data v2.3.0
   Compiling thiserror v1.0.69
    Checking parking_lot v0.12.5
    Checking spirv v0.4.0+sdk-1.4.341.0
    Checking zeroize v1.9.0
    Checking percent-encoding v2.3.2
    Checking linux-raw-sys v0.4.15
    Checking as-raw-xcb-connection v1.0.1
   Compiling wayland-sys v0.31.11
   Compiling quick-xml v0.41.0
    Checking miniz_oxide v0.9.1
    Checking rustls-pki-types v1.15.1
    Checking getrandom v0.2.17
    Checking tracing-core v0.1.36
    Checking pin-project-lite v0.2.17
   Compiling getrandom v0.3.4
    Checking untrusted v0.9.0
   Compiling httparse v1.10.1
    Checking x11rb-protocol v0.13.2
    Checking slab v0.4.12
   Compiling version_check v0.9.5
   Compiling x11-dl v2.21.0
   Compiling tiny-xlib v0.2.5
    Checking flate2 v1.1.10
    Checking ordered-float v5.3.0
    Checking tracing v0.1.44
    Checking memmap2 v0.9.11
   Compiling smithay-client-toolkit v0.19.2
   Compiling rustls v0.23.45
   Compiling ahash v0.8.12
    Checking itoa v1.0.18
    Checking bytes v1.12.1
    Checking cursor-icon v1.2.0
    Checking xcursor v0.3.11
    Checking xkeysym v0.2.1
    Checking fdeflate v0.3.7
    Checking miniz_oxide v0.8.9
   Compiling winit v0.30.13
    Checking base64 v0.23.1
    Checking byteorder-lite v0.1.0
    Checking subtle v2.6.1
    Checking color_quant v1.1.0
    Checking quick-error v2.0.1
    Checking weezl v0.1.12
    Checking ctor v0.10.1
    Checking zune-core v0.5.3
    Checking ttf-parser v0.25.1
    Checking http v1.5.0
   Compiling wayland-scanner v0.31.11
    Checking pxfm v0.1.30
    Checking image-webp v0.2.4
    Checking png v0.18.1
   Compiling wayland-backend v0.3.17
   Compiling ring v0.17.14
    Checking zune-jpeg v0.5.15
    Checking gif v0.14.2
    Checking xkbcommon-dl v0.4.2
    Checking webpki-roots v1.0.9
    Checking form_urlencoded v1.2.2
    Checking fastrand v2.5.0
    Checking ureq-proto v0.6.1
    Checking smol_str v0.2.2
   Compiling synstructure v0.14.0
    Checking dpi v0.1.2
    Checking utf8-zero v0.8.1
    Checking ab_glyph_rasterizer v0.1.10
    Checking seccompiler v0.5.0
    Checking encoding_rs v0.8.35
    Checking base64 v0.22.1
   Compiling zerofrom-derive v0.1.8
   Compiling zerovec-derive v0.11.6
   Compiling thiserror-impl v2.0.21
   Compiling bytemuck_derive v1.12.1
   Compiling displaydoc v0.2.7
   Compiling synstructure v0.13.2
    Checking owned_ttf_parser v0.25.1
    Checking ab_glyph v0.2.32
    Checking zerofrom v0.1.8
    Checking bytemuck v1.25.2
    Checking moxcms v0.8.1
    Checking naga-types v30.0.1
    Checking gpu-allocator v0.28.0
   Compiling yoke-derive v0.8.2
   Compiling zerocopy-derive v0.8.59
   Compiling thiserror-impl v1.0.69
   Compiling enumflags2_derive v0.7.12
    Checking wgpu-types v30.0.1
    Checking enumflags2 v0.7.12
    Checking landlock v0.4.7
    Checking yoke v0.8.3
    Checking zerovec v0.11.8
    Checking zerotrie v0.2.5
    Checking zerocopy v0.8.59
    Checking tinystr v0.8.4
    Checking potential_utf v0.1.6
    Checking icu_collections v2.3.0
    Checking icu_locale_core v2.3.0
    Checking gethostname v1.1.0
    Checking polling v3.11.0
    Checking calloop v0.13.0
    Checking icu_provider v2.3.1
    Checking icu_properties v2.3.0
    Checking icu_normalizer v2.3.0
    Checking wayland-csd-frame v0.3.0
    Checking image v0.25.10
    Checking rustls-webpki v0.103.15
    Checking idna_adapter v1.2.2
    Checking idna v1.1.0
    Checking wayland-protocols v0.32.13
    Checking wayland-cursor v0.31.14
    Checking calloop-wayland-source v0.3.0
    Checking url v2.5.8
    Checking x11rb v0.13.2
    Checking half v2.7.1
    Checking naga v30.0.1
    Checking arboard v3.6.1
    Checking softbuffer v0.4.8
    Checking ureq v3.4.0
    Checking wayland-protocols-wlr v0.3.12
    Checking wayland-protocols-plasma v0.3.12
    Checking wgpu-naga-bridge v30.0.1
    Checking wgpu-hal v30.0.1
    Checking eris-browser v0.1.0 (/tmp/eris-vulkan-browser-bridge-candidate-1/source)
    Checking wgpu-core-deps-windows-linux-android v30.0.1
    Checking wgpu-core v30.0.1
    Checking wgpu v30.0.1
    Checking eris-vulkan-raster-prototype v0.0.0 (/tmp/eris-vulkan-browser-bridge-candidate-1/source/tools/vulkan-raster-probe)
    Finished `dev` profile [unoptimized] target(s) in 14.36s
